******************************************************************************
              TMS320C55x Linker PC v4.4.1                      
******************************************************************************
>> Linked Wed Dec 20 13:54:17 2017

OUTPUT FILE NAME:   <ProyectoTDS2017.out>
ENTRY POINT SYMBOL: "_c_int00"  address: 00026618


MEMORY CONFIGURATION

         name            origin    length      used     unused   attr    fill
                        (bytes)   (bytes)    (bytes)   (bytes)
----------------------  --------  ---------  --------  --------  ----  --------
PAGE 0:
  MMR                   00000000   000000c0  00000000  000000c0  RWIX
  DARAM0                000000c0   0000ff40  00006194  00009dac  RWIX
  SARAM0                00010000   00010000  00000000  00010000  RWIX
  SARAM1                00020000   00020000  0000678e  00019872  RWIX
  SARAM2                00040000   0000fe00  000005f4  0000f80c  RWIX
  VECS                  0004fe00   00000200  00000100  00000100  RWIX
  PDROM                 00ff8000   00008000  00000000  00008000  R IX

PAGE 2:
  IOPORT                00000000   00020000  00000000  00020000  RWI 


SECTION ALLOCATION MAP
(Addresses surrounded by []'s are displayed for convenience only!)

output                                                          attributes/
section   page  orgn(bytes) orgn(words) len(bytes) len(words)   input sections
--------  ----  ----------- ----------- ---------- ----------   --------------
.pinit       0   [ 00040000 ]  00020000          *   00000000   UNINITIALIZED

.stack       0   [ 000000c0 ]  00000060          *   00001000   UNINITIALIZED
                 [ 000000c0 ]  00000060          *   00001000   --HOLE--

.data        0   [ 000000c0 ]  00000060          *   00000000   UNINITIALIZED

.sysstack 
*            0   [ 000020c0 ]  00001060          *   00000800   UNINITIALIZED
                 [ 000020c0 ]  00001060          *   00000800   --HOLE--

.sysmem      0   [ 000030c0 ]  00001860          *   00001000   UNINITIALIZED
                 [ 000030c0 ]  00001860          *   00001000   --HOLE--

.const.1     0   [ 000050c0 ]  00002860          *   000004ab   
                 [ 000050c0 ]  00002860          *   00000236   PLL.obj (.const:.string)
                 [ 0000552c ]  00002a96          *   00000174   aic3204_init.obj (.const:.string)
                 [ 00005814 ]  00002c0a          *   00000101   rts55h.lib : ctype.obj (.const:__ctypes_)

.const.2     0   [ 00005a18 ]  00002d0c          *   00000047   
                 [ 00005a18 ]  00002d0c          *   00000024   rts55h.lib : _printfi.obj (.const:.string)
                 [ 00005a60 ]  00002d30          *   00000023   main.obj (.const:.string)

.const.3     0   [ 00005aa8 ]  00002d54          *   00000042   
                 [ 00005aa8 ]  00002d54          *   00000014   rts55h.lib : sin.obj (.const)
                 [ 00005ad0 ]  00002d68          *   0000000c              : _printfi.obj (.const)
                 [ 00005ae8 ]  00002d74          *   00000008              : divd.obj (.const:_initial_approx$1)
                 [ 00005af8 ]  00002d7c          *   00000008              : round.obj (.const)
                 [ 00005b08 ]  00002d84          *   00000006              : modf.obj (.const)
                 [ 00005b14 ]  00002d8a          *   00000004   main.obj (.const)
                 [ 00005b1c ]  00002d8e          *   00000004   rts55h.lib : trunc.obj (.const)
                 [ 00005b24 ]  00002d92          *   00000002              : fputs.obj (.const:.string)
                 [ 00005b28 ]  00002d94          *   00000002              : fltlid.obj (.const)

.bss         0   [ 00005b2c ]  00002d96          *   00000396   UNINITIALIZED
                 [ 00005b2c ]  00002d96          *   00000119   rts55h.lib : defs.obj (.bss)
                 [ 00005d5e ]  00002eaf          *   000000d0              : trgdrv.obj (.bss)
                 [ 00005efe ]  00002f7f          *   000000bc   oled5515.obj (.bss)
                 [ 00006076 ]  0000303b          *   00000001   rts55h.lib : fopen.obj (.bss)
                 [ 00006078 ]  0000303c          *   00000071              : lowlev.obj (.bss)
                 [ 0000615a ]  000030ad          *   00000001   usbstk5505_i2c.obj (.bss)
                 [ 0000615c ]  000030ae          *   00000036   PLL.obj (.bss)
                 [ 000061c8 ]  000030e4          *   00000022   main.obj (.bss)
                 [ 0000620c ]  00003106          *   0000000c   pushbuttons5515.obj (.bss)
                 [ 00006224 ]  00003112          *   00000008   rts55h.lib : sin.obj (.bss)
                 [ 00006234 ]  0000311a          *   00000007              : memory.obj (.bss)
                 [ 00006242 ]  00003121          *   00000001   usbstk5515_i2c.obj (.bss)
                 [ 00006244 ]  00003122          *   00000004   rts55h.lib : _lock.obj (.bss)
                 [ 0000624c ]  00003126          *   00000004              : exit.obj (.bss)
                 [ 00006254 ]  0000312a          *   00000002   aic3204.obj (.bss)

.text        0     00020000  [ 00010000 ] 0000678e          *   
                   00020000  [ 00010000 ] 00001533          *   rts55h.lib : _printfi.obj (.text)
                   00021533  [ 00010a99+] 00000850          *   oled5515.obj (.text)
                   00021d83  [ 00010ec1+] 00000538          *   rts55h.lib : trgdrv.obj (.text)
                   000222bb  [ 0001115d+] 00000533          *              : memory.obj (.text)
                   000227ee  [ 000113f7 ] 00000522          *   aic3204_init.obj (.text)
                   00022d10  [ 00011688 ] 00000518          *   rts55h.lib : lowlev.obj (.text)
                   00023228  [ 00011914 ] 000003c7          *              : divd.obj (.text)
                   000235ef  [ 00011af7+] 00000340          *   PLL.obj (.text)
                   0002392f  [ 00011c97+] 000002b6          *   pushbuttons5515.obj (.text)
                   00023be5  [ 00011df2+] 000002ad          *   CSLc55x5h.lib : csl_pll.obj (.text)
                   00023e92  [ 00011f49 ] 0000026c          *   rts55h.lib : fopen.obj (.text)
                   000240fe  [ 0001207f ] 00000261          *   main.obj (.text)
                   0002435f  [ 000121af+] 0000025c          *   bargraph5515.obj (.text)
                   000245bb  [ 000122dd+] 0000025c          *   rts55h.lib : llmpy.obj (.text)
                   00024817  [ 0001240b+] 00000257          *              : addd.obj (.text)
                   00024a6e  [ 00012537 ] 000001f2          *              : sin.obj (.text)
                   00024c60  [ 00012630 ] 000001ea          *              : cmpd.obj (.text)
                   00024e4a  [ 00012725 ] 000001c9          *   usbstk5515_led.obj (.text)
                   00025013  [ 00012809+] 0000017b          *   rts55h.lib : fputs.obj (.text)
                   0002518e  [ 000128c7 ] 00000164          *   usbstk5505_gpio.obj (.text)
                   000252f2  [ 00012979 ] 00000156          *   usbstk5515_gpio.obj (.text)
                   00025448  [ 00012a24 ] 0000014b          *   rts55h.lib : mpyd.obj (.text)
                   00025593  [ 00012ac9+] 0000013e          *   usbstk5515_i2c.obj (.text)
                   000256d1  [ 00012b68+] 0000013b          *   aic3204.obj (.text)
                   0002580c  [ 00012c06 ] 0000012a          *   usbstk5505_i2c.obj (.text)
                   00025936  [ 00012c9b ] 000000f3          *   rts55h.lib : setvbuf.obj (.text)
                   00025a29  [ 00012d14+] 000000da          *              : _io_perm.obj (.text)
                   00025b03  [ 00012d81+] 000000be          *              : trgmsg.obj (.text:CIO_breakpoint)
                   00025bc1  [ 00012de0+] 000000bd          *              : modf.obj (.text)
                   00025c7e  [ 00012e3f ] 000000ba          *              : fflush.obj (.text)
                   00025d38  [ 00012e9c ] 000000a2          *              : fputc.obj (.text)
                   00025dda  [ 00012eed ] 000000a0          *              : divul.obj (.text)
                   00025e7a  [ 00012f3d ] 00000079          *              : ltoa.obj (.text)
                   00025ef3  [ 00012f79+] 00000076          *              : fclose.obj (.text)
                   00025f69  [ 00012fb4+] 00000076          *              : frcmpyd.obj (.text)
                   00025fdf  [ 00012fef+] 00000073          *              : frcmpyd_div.obj (.text)
                   00026052  [ 00013029 ] 00000070          *              : remul.obj (.text)
                   000260c2  [ 00013061 ] 0000006e          *              : fixdli.obj (.text)
                   00026130  [ 00013098 ] 0000006b          *              : trgmsg.obj (.text)
                   0002619b  [ 000130cd+] 00000068          *              : fseek.obj (.text)
                   00026203  [ 00013101+] 00000067          *              : fltlid.obj (.text)
                   0002626a  [ 00013135 ] 00000060          *              : round.obj (.text)
                   000262ca  [ 00013165 ] 00000059          *              : atoi.obj (.text)
                   00026323  [ 00013191+] 00000056          *              : memcpy.obj (.text)
                   00026379  [ 000131bc+] 00000054          *   usbstk5505.obj (.text)
                   000263cd  [ 000131e6+] 00000054          *   usbstk5515.obj (.text)
                   00026421  [ 00013210+] 0000004e          *   rts55h.lib : printf.obj (.text)
                   0002646f  [ 00013237+] 0000004d          *              : autoinit.obj (.text)
                   000264bc  [ 0001325e ] 0000004b          *              : remli.obj (.text)
                   00026507  [ 00013283+] 00000049          *              : args_main.obj (.text)
                   00026550  [ 000132a8 ] 00000048          *              : divli.obj (.text)
                   00026598  [ 000132cc ] 00000042          *              : trunc.obj (.text)
                   000265da  [ 000132ed ] 0000003e          *              : exit.obj (.text)
                   00026618  [ 0001330c ] 00000034          *              : boot.obj (.text)
                   0002664c  [ 00013326 ] 0000002d          *   usbstk5505_led.obj (.text)
                   00026679  [ 0001333c+] 0000002a          *   rts55h.lib : fixdi.obj (.text)
                   000266a3  [ 00013351+] 0000002a          *              : udiv.obj (.text)
                   000266cd  [ 00013366+] 00000022          *              : memccpy.obj (.text)
                   000266ef  [ 00013377+] 0000001c          *   stereo.obj (.text)
                   0002670b  [ 00013385+] 0000001a          *   rts55h.lib : isinf.obj (.text)
                   00026725  [ 00013392+] 00000014          *              : subd.obj (.text)
                   00026739  [ 0001339c+] 00000013          *              : lmpy.obj (.text)
                   0002674c  [ 000133a6 ] 00000012          *              : _lock.obj (.text)
                   0002675e  [ 000133af ] 00000010          *              : negd.obj (.text)
                   0002676e  [ 000133b7 ] 0000000c          *              : fltid.obj (.text)
                   0002677a  [ 000133bd ] 0000000a          *              : remove.obj (.text)
                   00026784  [ 000133c2 ] 00000007          *              : exit.obj (.text:CIO_breakpoint)
                   0002678b  [ 000133c5+] 00000002          *              : vectors.obj (.text)
                   0002678d  [ 000133c6 ] 00000001          *   --HOLE-- [fill = 20]

.cinit       0   [ 00040000 ]  00020000          *   000001da   
                 [ 00040000 ]  00020000          *   000000c2   oled5515.obj (.cinit)
                 [ 00040184 ]  000200c2          *   00000046   PLL.obj (.cinit)
                 [ 00040210 ]  00020108          *   0000002d   rts55h.lib : lowlev.obj (.cinit)
                 [ 0004026a ]  00020135          *   0000002a              : defs.obj (.cinit)
                 [ 000402be ]  0002015f          *   00000027   main.obj (.cinit)
                 [ 0004030c ]  00020186          *   00000024   pushbuttons5515.obj (.cinit)
                 [ 00040354 ]  000201aa          *   0000000b   rts55h.lib : sin.obj (.cinit)
                 [ 0004036a ]  000201b5          *   0000000a              : _lock.obj (.cinit)
                 [ 0004037e ]  000201bf          *   0000000a              : exit.obj (.cinit)
                 [ 00040392 ]  000201c9          *   00000004              : fopen.obj (.cinit)
                 [ 0004039a ]  000201cd          *   00000004              : memory.obj (.cinit)
                 [ 000403a2 ]  000201d1          *   00000004   usbstk5505_i2c.obj (.cinit)
                 [ 000403aa ]  000201d5          *   00000004   usbstk5515_i2c.obj (.cinit)
                 [ 000403b2 ]  000201d9          *   00000001   --HOLE-- [fill = 0]

.cio         0   [ 000403b8 ]  000201dc          *   00000120   UNINITIALIZED
                 [ 000403b8 ]  000201dc          *   00000120   rts55h.lib : trgmsg.obj (.cio)

vectors      0     0004fe00  [ 00027f00 ] 00000100          *   
                   0004fe00  [ 00027f00 ] 00000100          *   rts55h.lib : vectors.obj (vectors)


GLOBAL SYMBOLS: SORTED ALPHABETICALLY BY Name 

abs. value/
byte addr   word addr   name
---------   ---------   ----
00000002                $TI_capability$C5500$CallingConvention
00000008                $TI_capability$C5500$MemoryModel
00000001                $TI_capability_requires_rev3
ffffffff                .bss
ffffffff                .data
ffffffff                .text
00026785                C$$EXIT
00025bbc                C$$IO$$
00026739                I$$LMPY
000266a3                I$$UDIV
000266b8                I$$UMOD
000256d1                _AIC3204_rget
0002571c                _AIC3204_rset
            000030f6    _F1
            000030f4    _Fc
            000030ea    _Fs
            000030f0    _Fw
0002225d                _HOSTclock
000221f2                _HOSTclose
0002213d                _HOSTlseek
0002209c                _HOSTopen
00022011                _HOSTread
00021f58                _HOSTrename
00021efa                _HOSTtime
00021e8e                _HOSTunlink
00021e03                _HOSTwrite
00021553                _OSD9616_multiSend
00021533                _OSD9616_send
00023dd7                _PLL_bypass
00023c47                _PLL_config
00023d70                _PLL_enable
00023c0f                _PLL_init
00023e26                _PLL_reset
            000030fa    _Q1
0004fe00                _Reset
0002392f                _SAR_init
            000030e9    _Step
0002529a                _USBSTK5505_GPIO_getInput
0002518e                _USBSTK5505_GPIO_init
00025192                _USBSTK5505_GPIO_setDirection
0002521d                _USBSTK5505_GPIO_setOutput
0002582b                _USBSTK5505_I2C_close
0002580c                _USBSTK5505_I2C_init
000258bd                _USBSTK5505_I2C_read
00025834                _USBSTK5505_I2C_reset
00025842                _USBSTK5505_I2C_write
0002664c                _USBSTK5505_LED_init
00026668                _USBSTK5505_LED_off
00026657                _USBSTK5505_LED_on
000263bf                _USBSTK5505_init
00026379                _USBSTK5505_wait
000263ad                _USBSTK5505_waitusec
000253f0                _USBSTK5515_GPIO_getInput
000252f2                _USBSTK5515_GPIO_init
000252f6                _USBSTK5515_GPIO_setDirection
00025373                _USBSTK5515_GPIO_setOutput
000255b2                _USBSTK5515_I2C_close
00025593                _USBSTK5515_I2C_init
00025658                _USBSTK5515_I2C_read
000255bb                _USBSTK5515_I2C_reset
000255c9                _USBSTK5515_I2C_write
00024e4a                _USBSTK5515_LED_init
00024e66                _USBSTK5515_LED_off
00024e55                _USBSTK5515_LED_on
00024ea6                _USBSTK5515_ULED_getall
00024e77                _USBSTK5515_ULED_init
00024f9b                _USBSTK5515_ULED_off
00024f66                _USBSTK5515_ULED_on
00024ef8                _USBSTK5515_ULED_setall
00024fce                _USBSTK5515_ULED_toggle
00026413                _USBSTK5515_init
000263cd                _USBSTK5515_wait
00026401                _USBSTK5515_waitusec
            000201dc    __CIOBUF_
            00001060    __STACK_END
00002000                __STACK_SIZE
00002000                __SYSMEM_SIZE
00001000                __SYSSTACK_SIZE
00000001                __TI_args_main
ffffffff                ___binit__
ffffffff                ___bss__
ffffffff                ___c_args__
            00020000    ___cinit__
ffffffff                ___data__
ffffffff                ___edata__
ffffffff                ___end__
ffffffff                ___etext__
0002670b                ___isinf
ffffffff                ___pinit__
ffffffff                ___text__
00024817                __addd
00026507                __args_main
00023fa7                __cleanup
            00003126    __cleanup_ptr
00024df2                __cmpd
            00002c0a    __ctypes_
00023228                __divd
00026550                __divli
000247e3                __divlli
000266a3                __divu
00025dda                __divul
000246ef                __divull
00025c7e                __doflush
            00003128    __dtors_ptr
00024dbe                __eqld
00026679                __fixdi
000260c2                __fixdli
0002676e                __fltid
00026203                __fltlid
00025f69                __frcmpyd
00025fdf                __frcmpyd_div
            00002eae    __ft_end
            00002d96    __ftable
00024d74                __geqd
00024d29                __gtrd
00024cdc                __leqd
            00003122    __lock
00024c94                __lssd
00025448                __mpyd
00026739                __mpyli
00024638                __mpylli
0002675e                __negd
00024c60                __neqd
0002675c                __nop
0002626a                __nround
00021315                __printfi
00025aa6                __rd_ok
00026754                __register_lock
0002674c                __register_unlock
000264bc                __remli
00024609                __remlli
000266b8                __remu
00026052                __remul
000245bb                __remull
            00000060    __stack
00026725                __subd
            00001860    __sys_memory
            00001060    __sysstack
            00002e0e    __tmpnams
00026598                __trunc
            00003124    __unlock
00025a29                __wrt_ok
00026784                _abort
00023140                _add_device
0002578a                _aic3204_codec_read
000257d0                _aic3204_codec_write
0002576e                _aic3204_disable
0002573e                _aic3204_hardware_init
000227ee                _aic3204_init
000262ca                _atoi
0002646f                _auto_init
0002449b                _bargraph_12dB
0002435f                _bargraph_3dB
000243fd                _bargraph_6dB
00026618                _c_int00
000227a2                _calloc
            00002f7f    _character_set
0002279a                _chkheap
000230d0                _close
            0000312a    _counter1
            0000312b    _counter2
            000030f2    _damp
            000030f8    _delta
000265da                _exit
00025ef3                _fclose
00025ce0                _fflush
000230c7                _find_registered_device
000240c5                _fopen
00025d38                _fputc
00025013                _fputs
000222bb                _free
00022733                _free_memory
00023fff                _freopen
0002619b                _fseek
00021d83                _getenv
            000030b8    _hPll
            000030e4    _left_input
            000030e6    _left_output
00023063                _lseek
00025e7a                _ltoa
000240fe                _main
000223ff                _malloc
000226c9                _max_free
            000030ee    _maxf
000266cd                _memccpy
00026323                _memcpy
            000030ec    _minf
0002238d                _minit
00025bc1                _modf
            000030e8    _mono_input
            00002fe7    _number_set
00021af2                _oled_display_bargraph
000217ee                _oled_display_message
00021cb2                _oled_display_picture
00021bdb                _oled_display_waveform
000216d1                _oled_init
00022fa6                _open
            000030e2    _pConfigInfo
            000030b4    _pllCfg1
            000030da    _pllCfg_100MHz
            000030de    _pllCfg_120MHz
            000030c2    _pllCfg_12MHz
            000030c6    _pllCfg_12p288MHz
            000030ba    _pllCfg_1MHz
            000030be    _pllCfg_2MHz
            000030ca    _pllCfg_40MHz
            000030ce    _pllCfg_60MHz
            000030d2    _pllCfg_75MHz
            000030d6    _pllCfg_98MHz
            000030ae    _pllObj
0002366a                _pll_frequency_setup
0002159f                _printCharacter
000215e3                _printMessage
00026421                _printf
00023947                _pushbuttons_read
00023ac5                _pushbuttons_read_raw
00025d38                _putc
00025dcb                _putchar
00025162                _puts
00022efc                _read
00026130                _readmsg
00022500                _realloc
0002677a                _remove
00022ec8                _remove_device
00022e71                _rename
            000030e5    _right_input
            000030e7    _right_output
000229c0                _set_sampling_frequency_and_gain
00025936                _setvbuf
00024a6e                _sin
00024539                _spectrum_analyser_display
000266ef                _stereo_to_mono
00022e3d                _unlink
00022d10                _write
00025b03                _writemsg
            00003102    _ybn
            000030fc    _ybn_1
            00003100    _yhn
            00003104    _yln
            000030fe    _yln_1
ffffffff                binit
            00020000    cinit
ffffffff                edata
ffffffff                end
ffffffff                etext
ffffffff                pinit


GLOBAL SYMBOLS: SORTED BY Symbol Address 

abs. value/
byte addr   word addr   name
---------   ---------   ----
00000001                $TI_capability_requires_rev3
00000001                __TI_args_main
00000002                $TI_capability$C5500$CallingConvention
00000008                $TI_capability$C5500$MemoryModel
            00000060    __stack
00001000                __SYSSTACK_SIZE
00002000                __STACK_SIZE
00002000                __SYSMEM_SIZE
            00001060    __STACK_END
            00001060    __sysstack
            00001860    __sys_memory
            00002c0a    __ctypes_
            00002d96    __ftable
            00002e0e    __tmpnams
            00002eae    __ft_end
            00002f7f    _character_set
            00002fe7    _number_set
            000030ae    _pllObj
            000030b4    _pllCfg1
            000030b8    _hPll
            000030ba    _pllCfg_1MHz
            000030be    _pllCfg_2MHz
            000030c2    _pllCfg_12MHz
            000030c6    _pllCfg_12p288MHz
            000030ca    _pllCfg_40MHz
            000030ce    _pllCfg_60MHz
            000030d2    _pllCfg_75MHz
            000030d6    _pllCfg_98MHz
            000030da    _pllCfg_100MHz
            000030de    _pllCfg_120MHz
            000030e2    _pConfigInfo
            000030e4    _left_input
            000030e5    _right_input
            000030e6    _left_output
            000030e7    _right_output
            000030e8    _mono_input
            000030e9    _Step
            000030ea    _Fs
            000030ec    _minf
            000030ee    _maxf
            000030f0    _Fw
            000030f2    _damp
            000030f4    _Fc
            000030f6    _F1
            000030f8    _delta
            000030fa    _Q1
            000030fc    _ybn_1
            000030fe    _yln_1
            00003100    _yhn
            00003102    _ybn
            00003104    _yln
            00003122    __lock
            00003124    __unlock
            00003126    __cleanup_ptr
            00003128    __dtors_ptr
            0000312a    _counter1
            0000312b    _counter2
00021315                __printfi
00021533                _OSD9616_send
00021553                _OSD9616_multiSend
0002159f                _printCharacter
000215e3                _printMessage
000216d1                _oled_init
000217ee                _oled_display_message
00021af2                _oled_display_bargraph
00021bdb                _oled_display_waveform
00021cb2                _oled_display_picture
00021d83                _getenv
00021e03                _HOSTwrite
00021e8e                _HOSTunlink
00021efa                _HOSTtime
00021f58                _HOSTrename
00022011                _HOSTread
0002209c                _HOSTopen
0002213d                _HOSTlseek
000221f2                _HOSTclose
0002225d                _HOSTclock
000222bb                _free
0002238d                _minit
000223ff                _malloc
00022500                _realloc
000226c9                _max_free
00022733                _free_memory
0002279a                _chkheap
000227a2                _calloc
000227ee                _aic3204_init
000229c0                _set_sampling_frequency_and_gain
00022d10                _write
00022e3d                _unlink
00022e71                _rename
00022ec8                _remove_device
00022efc                _read
00022fa6                _open
00023063                _lseek
000230c7                _find_registered_device
000230d0                _close
00023140                _add_device
00023228                __divd
0002366a                _pll_frequency_setup
0002392f                _SAR_init
00023947                _pushbuttons_read
00023ac5                _pushbuttons_read_raw
00023c0f                _PLL_init
00023c47                _PLL_config
00023d70                _PLL_enable
00023dd7                _PLL_bypass
00023e26                _PLL_reset
00023fa7                __cleanup
00023fff                _freopen
000240c5                _fopen
000240fe                _main
0002435f                _bargraph_3dB
000243fd                _bargraph_6dB
0002449b                _bargraph_12dB
00024539                _spectrum_analyser_display
000245bb                __remull
00024609                __remlli
00024638                __mpylli
000246ef                __divull
000247e3                __divlli
00024817                __addd
00024a6e                _sin
00024c60                __neqd
00024c94                __lssd
00024cdc                __leqd
00024d29                __gtrd
00024d74                __geqd
00024dbe                __eqld
00024df2                __cmpd
00024e4a                _USBSTK5515_LED_init
00024e55                _USBSTK5515_LED_on
00024e66                _USBSTK5515_LED_off
00024e77                _USBSTK5515_ULED_init
00024ea6                _USBSTK5515_ULED_getall
00024ef8                _USBSTK5515_ULED_setall
00024f66                _USBSTK5515_ULED_on
00024f9b                _USBSTK5515_ULED_off
00024fce                _USBSTK5515_ULED_toggle
00025013                _fputs
00025162                _puts
0002518e                _USBSTK5505_GPIO_init
00025192                _USBSTK5505_GPIO_setDirection
0002521d                _USBSTK5505_GPIO_setOutput
0002529a                _USBSTK5505_GPIO_getInput
000252f2                _USBSTK5515_GPIO_init
000252f6                _USBSTK5515_GPIO_setDirection
00025373                _USBSTK5515_GPIO_setOutput
000253f0                _USBSTK5515_GPIO_getInput
00025448                __mpyd
00025593                _USBSTK5515_I2C_init
000255b2                _USBSTK5515_I2C_close
000255bb                _USBSTK5515_I2C_reset
000255c9                _USBSTK5515_I2C_write
00025658                _USBSTK5515_I2C_read
000256d1                _AIC3204_rget
0002571c                _AIC3204_rset
0002573e                _aic3204_hardware_init
0002576e                _aic3204_disable
0002578a                _aic3204_codec_read
000257d0                _aic3204_codec_write
0002580c                _USBSTK5505_I2C_init
0002582b                _USBSTK5505_I2C_close
00025834                _USBSTK5505_I2C_reset
00025842                _USBSTK5505_I2C_write
000258bd                _USBSTK5505_I2C_read
00025936                _setvbuf
00025a29                __wrt_ok
00025aa6                __rd_ok
00025b03                _writemsg
00025bbc                C$$IO$$
00025bc1                _modf
00025c7e                __doflush
00025ce0                _fflush
00025d38                _fputc
00025d38                _putc
00025dcb                _putchar
00025dda                __divul
00025e7a                _ltoa
00025ef3                _fclose
00025f69                __frcmpyd
00025fdf                __frcmpyd_div
00026052                __remul
000260c2                __fixdli
00026130                _readmsg
0002619b                _fseek
00026203                __fltlid
0002626a                __nround
000262ca                _atoi
00026323                _memcpy
00026379                _USBSTK5505_wait
000263ad                _USBSTK5505_waitusec
000263bf                _USBSTK5505_init
000263cd                _USBSTK5515_wait
00026401                _USBSTK5515_waitusec
00026413                _USBSTK5515_init
00026421                _printf
0002646f                _auto_init
000264bc                __remli
00026507                __args_main
00026550                __divli
00026598                __trunc
000265da                _exit
00026618                _c_int00
0002664c                _USBSTK5505_LED_init
00026657                _USBSTK5505_LED_on
00026668                _USBSTK5505_LED_off
00026679                __fixdi
000266a3                I$$UDIV
000266a3                __divu
000266b8                I$$UMOD
000266b8                __remu
000266cd                _memccpy
000266ef                _stereo_to_mono
0002670b                ___isinf
00026725                __subd
00026739                I$$LMPY
00026739                __mpyli
0002674c                __register_unlock
00026754                __register_lock
0002675c                __nop
0002675e                __negd
0002676e                __fltid
0002677a                _remove
00026784                _abort
00026785                C$$EXIT
            00020000    ___cinit__
            00020000    cinit
            000201dc    __CIOBUF_
0004fe00                _Reset
ffffffff                .bss
ffffffff                .data
ffffffff                .text
ffffffff                ___binit__
ffffffff                ___bss__
ffffffff                ___c_args__
ffffffff                ___data__
ffffffff                ___edata__
ffffffff                ___end__
ffffffff                ___etext__
ffffffff                ___pinit__
ffffffff                ___text__
ffffffff                binit
ffffffff                edata
ffffffff                end
ffffffff                etext
ffffffff                pinit

[246 symbols]
